((nil ("" nil nil) 1 "sub:") (nil ("x" nil nil) 1 "sub:x") (nil ("x" 0 t) 0 "x") (nil ("x" 0 nil) 1 "sub:x") (nil ("xy" 0 t) 0 "xy") (nil ("xy" 1 t) 1 "sub:xy") (nil ("жz" 0 t) 0 "жz") (nil ("жz" 1 t) 1 "sub:жz") (t ("" nil nil) 1 "sub:") (t ("x" nil nil) 0 "x") (t ("x" 0 t) 0 "x") (t ("x" 0 nil) 1 "sub:x") (t ("xy" 0 t) 0 "xy") (t ("xy" 1 t) 0 "xy") (t ("жz" 0 t) 0 "жz") (t ("жz" 1 t) 0 "жz"))
